00000142 A num_got_entries
9f000000 T _start
9f000400 t reset
9f000514 t rel_start
9f00055c T relocate_code
9f0005b8 t in_ram
9f000618 T ar7240_ddr_tap_init
9f000638 t ddr_pat_init
9f003674 t load_tap
9f00368c t pat_read
9f0036a4 t tap_addr_loop
9f00372c t tap_decr
9f003740 t tap_incr
9f003768 t tap_fail
9f0037a8 t up_limit
9f0037dc t tap_calc
9f003860 t end
9f003870 t romReserved
9f003874 t romExcHandle
9f003880 T do_go
9f0039d0 T fake_image_header
9f003aa8 T print_image_hdr
9f003eac t zalloc
9f003ed0 t zfree
9f003ee8 T gunzip
9f0040b8 T do_bootm
9f004260 t abbrev_spec
9f00443c t addr_spec
9f0045e8 t flash_fill_sect_ranges
9f004788 T do_flinfo
9f00488c T flash_sect_erase
9f004964 T do_flerase
9f004bb0 T flash_sect_protect
9f004cc0 T do_protect
9f0050a0 T send_pad
9f0050f8 T ktrans
9f005134 T chk1
9f00516c T s1_sendpacket
9f0051cc T send_ack
9f005258 T send_nack
9f0052e4 t bin_data_init
9f005314 t bin_data_char
9f005360 T k_data_init
9f005380 T k_data_save
9f0053d0 T k_data_restore
9f005420 T k_data_char
9f0054c4 T handle_send_packet
9f005724 t getcxmodem
9f005770 T do_load_serial_bin
9f005f90 T cmd_get_data_size
9f006048 T do_mem_md
9f006318 T do_mem_mw
9f00646c T do_mem_cmp
9f00667c T do_mem_cp
9f006854 T do_mem_base
9f0068c0 T do_mem_loop
9f006a48 T do_mem_mtest
9f006c0c t mod_mem
9f006e14 T do_mem_nm
9f006e5c T do_mem_mm
9f006ea4 T do_mem_crc
9f006fe0 t netboot_common
9f007394 T do_rarpb
9f0073b4 T do_tftpb
9f0073d4 T do_bootp
9f007400 t envmatch
9f0074a4 T do_printenv
9f007714 T _do_setenv
9f007e74 T setenv
9f007ec8 T do_setenv
9f007f3c T getenv
9f008018 T getenv_r
9f008140 T do_version
9f008180 T find_cmd
9f0082a0 T do_help
9f008530 t console_setfile
9f008618 T serial_printf
9f008670 T fgetc
9f0086a8 T ftstc
9f0086e0 T fputc
9f008724 T fputs
9f008764 T fprintf
9f0087c4 T getc
9f008800 T tstc
9f00883c T putc
9f008880 T puts
9f0088bc T printf
9f008914 T vprintf
9f008960 T ctrlc
9f0089e4 T disable_ctrlc
9f008a00 T had_ctrlc
9f008a18 T clear_ctrlc
9f008a30 T dbg
9f008a40 T console_assign
9f008b5c T console_init_f
9f008b6c T console_init_r
9f008dc0 T device_register
9f008e04 T devices_init
9f008f00 T devices_done
9f008f40 T malloc_bin_reloc
9f008f80 T malloc_trim
9f0090a8 T free
9f00931c T malloc
9f009a68 T realloc
9f009fdc T memalign
9f00a174 T valloc
9f00a190 T pvalloc
9f00a1b4 T calloc
9f00a2c8 T cfree
9f00a2e0 T malloc_usable_size
9f00a338 T mallopt
9f00a3d0 T env_crc_update
9f00a420 t env_get_char_init
9f00a46c T env_get_char_memory
9f00a4a0 T env_get_addr
9f00a4d0 T env_relocate
9f00a5c0 T env_relocate_spec
9f00a5c8 T env_get_char_spec
9f00a5d8 T env_init
9f00a600 T flash_protect
9f00a6d4 T addr2info
9f00a728 T flash_write
9f00a8d8 T flash_perror
9f00aa10 T NewHandle
9f00aabc T DisposeHandle
9f00ab18 T GetHandleSize
9f00ab20 T SetHandleSize
9f00abe8 T ListCreate
9f00ac58 T ListSetAllocationPolicy
9f00ac68 T ListDispose
9f00ac80 T ListInsertItems
9f00aecc T ListInsertItem
9f00aee4 T ListGetItems
9f00af3c T ListGetPtrToItem
9f00af7c T ListGetDataPtr
9f00af88 T ListGetItemSize
9f00af94 T ListNumItems
9f00afa0 T CYGACC_COMM_IF_GETC_TIMEOUT
9f00b054 T CYGACC_COMM_IF_PUTC
9f00b070 T parse_num
9f00b1d0 t xyzModem_flush
9f00b214 t xyzModem_get_hdr
9f00b584 T xyzModem_stream_open
9f00b764 T xyzModem_stream_read
9f00ba9c T xyzModem_stream_close
9f00bb10 T xyzModem_stream_terminate
9f00bc7c T xyzModem_error
9f00bd20 t delete_char
9f00be78 T readline
9f00c0f8 T run_command
9f00c608 T main_loop
9f00cab0 T cyg_crc16
9f00cb10 T flash_init
9f00cc34 T flash_print_info
9f00cc50 t ar7240_spi_write_enable
9f00ccc0 t ar7240_spi_poll
9f00cd5c T write_buff
9f00d000 T flash_erase
9f00d250 T lowlevel_init
9f00d274 t init_pll_values
9f00d2c8 t wait_for_pll_update
9f00d2e8 t pll_locked
9f00d32c t initialize_pll
9f00d370 T flash_get_geom
9f00d410 T do_reset
9f00d458 T flush_cache
9f00d480 T write_one_tlb
9f00d4c0 T enable_interrupts
9f00d4c8 T disable_interrupts
9f00d4d0 T simple_mips_cache_reset
9f00d4e8 t _arai_icache_loop
9f00d500 t _arai_dcache_loop
9f00d518 T mips_cache_reset
9f00d6b0 T dcache_status
9f00d6c0 T dcache_disable
9f00d6dc T mips_cache_lock
9f00d738 T dcache_flush_range
9f00d744 t cache_loop_d_flush_range
9f00d760 T mips_cache_flush
9f00d774 t cache_loop_flush
9f00d798 t cache_loop_d_flush
9f00d7b4 T mips_cache_lock_24k
9f00d7c8 t cache_loop_lock
9f00d800 T ar7240_sys_frequency
9f00d8a8 T serial_init
9f00d960 T serial_tstc
9f00d974 T serial_getc
9f00d9b8 T serial_putc
9f00da24 T serial_setbrg
9f00da2c T serial_puts
9f00da80 T sbrk
9f00dad0 t init_func_ram
9f00db68 t display_banner
9f00dba8 t init_baudrate
9f00dc1c T hang
9f00dc4c T board_init_f
9f00dd84 T board_init_r
9f00e050 T timer_init
9f00e060 T reset_timer
9f00e06c T get_timer
9f00e078 T set_timer
9f00e080 T udelay
9f00e0e8 T get_ticks
9f00e0f8 T get_tbclk
9f00e110 t linux_env_set
9f00e238 T do_bootm_linux
9f00e8e0 T NetSetEther
9f00e990 T ArpRequest
9f00eb04 t startAgainTimeout
9f00eb20 t startAgainHandler
9f00eb28 T NetSetTimeout
9f00eb8c T NetSetHandler
9f00eba4 T NetStartAgain
9f00ed24 T ArpTimeoutCheck
9f00edec T NetSendPacket
9f00ee04 T NetCksum
9f00ee4c T NetSetIP
9f00ef64 T NetSendUDPPacket
9f00f130 T NetCksumOk
9f00f170 T NetEthHdrSize
9f00f1a8 T copy_filename
9f00f224 T ip_to_string
9f00f284 T print_IPaddr
9f00f2c8 T NetReceive
9f00f820 T string_to_ip
9f00f8c4 T getenv_IPaddr
9f00f900 T VLAN_to_string
9f00f964 T string_to_VLAN
9f00f9c8 T getenv_VLAN
9f00fa0c T NetLoop
9f010000 t TftpSend
9f010214 t TftpHandler
9f010564 t TftpTimeout
9f0105fc T TftpStart
9f0108f0 t truncate_sz
9f010954 t BootpHandler
9f010d6c T BootpRequest
9f011040 t BootpTimeout
9f0110d0 t RarpHandler
9f011134 T RarpRequest
9f01127c t RarpTimeout
9f011300 T eth_get_dev
9f011318 T eth_get_dev_by_name
9f01139c T eth_get_dev_index
9f0113f8 T eth_register
9f0114f4 T eth_initialize
9f011770 T eth_set_enetaddr
9f01186c T eth_try_another
9f011948 T eth_init
9f0119f4 T eth_halt
9f011a4c T eth_send
9f011a84 T eth_rx
9f011ab8 T eth_set_current
9f011b80 T eth_get_name
9f011bb0 T GregorianDay
9f011d28 T to_tm
9f011e9c T mktime
9f011f80 T pci_hose_read_config_byte
9f011f8c T pci_hose_read_config_word
9f011f98 T pci_hose_read_config_dword
9f011fa4 T pci_hose_write_config_byte
9f011fb0 T pci_hose_write_config_word
9f011fbc T pci_hose_write_config_dword
9f011fc8 T pci_hose_read_config_byte_via_dword
9f01203c T pci_hose_read_config_word_via_dword
9f0120b0 T pci_hose_write_config_byte_via_dword
9f01217c T pci_hose_write_config_word_via_dword
9f012248 T pci_register_hose
9f012280 T pci_bus_to_hose
9f0122f0 T pci_write_config_dword
9f012380 T pci_write_config_word
9f012410 T pci_write_config_byte
9f0124a0 T pci_read_config_dword
9f012534 T pci_read_config_word
9f0125cc T pci_read_config_byte
9f012664 T pci_find_devices
9f0127d4 T pci_find_device
9f012800 T pci_hose_phys_to_bus
9f0128c0 T pci_hose_bus_to_phys
9f012988 T pci_hose_config_device
9f012ba8 T pci_find_config
9f012c70 T pci_cfgfunc_config_device
9f012cb4 T pci_cfgfunc_do_nothing
9f012cbc T pci_hose_scan_bus
9f012e78 T pci_hose_scan
9f012e90 T pci_init
9f012eb0 T crc32
9f013040 T display_options
9f013080 T print_size
9f013190 T strnicmp
9f013214 T strcat
9f01324c T strncat
9f013298 T strchr
9f0132d4 T strlen
9f0132f8 T strrchr
9f013370 T strnlen
9f0133ac T strdup
9f013424 T strspn
9f013484 T strpbrk
9f0134d4 T strtok
9f013594 T strsep
9f013600 T strswab
9f01365c T memset
9f013688 T memcpy
9f0136b8 T memmove
9f013734 T memcmp
9f013764 T strstr
9f013824 T memchr
9f013860 T simple_strtoul
9f013948 T simple_strtol
9f013998 t skip_atoi
9f0139f8 t number
9f013c50 T vsprintf
9f0141a0 T sprintf
9f0141dc T panic
9f014260 t inflate_codes_free
9f014278 t inflate_trees_free
9f0142dc t inflate_blocks_reset
9f01440c T inflateEnd
9f0144d8 T inflateReset
9f01454c T inflateSync
9f01468c T inflateInit2
9f014834 T inflateInit
9f01484c t inflate_codes_new
9f0148c8 T inflateIncomp
9f014a54 t inflate_flush
9f014c10 t huft_build
9f015178 t falloc
9f0151a8 t ffree
9f0151b0 T inflate
9f016f9c T adler32
9f017160 t dummy
9f017168 T get_version
9f017170 T jumptable_init
9f017210 T ar7240_usb_initial_config
9f017238 T ar7240_gpio_config
9f017270 T ar7240_mem_config
9f017324 T initdram
9f01733c T checkboard
9f017380 t ar7240_local_write_config
9f0173ac t ar7240_pci_read_config
9f0173d8 t ar7240_pci_write_config
9f017404 T plat_dev_init
9f017538 T pci_init_board
9f0177f0 t ag7240_send
9f01796c t ag7240_recv
9f017ab0 t ag7240_clean_rx
9f017fc8 t ag7240_alloc_fifo
9f018088 t ag7240_halt
9f0180d8 T ag7240_mac_addr_loc
9f0180e0 T ag7240_enet_initialize
9f018994 T ag7240_miiphy_read
9f018aec T ag7240_miiphy_write
9f018bf0 T ar7240_ddr_tap_set
9f018c20 T ar7240_ddr_find_size
9f018c58 T ar7240_ddr_initial_config
9f018dd0 T athrs26_reg_write
9f018e8c T athrs26_reg_read
9f018f50 T s26_wr_phy
9f018fe8 T athrs26_reg_init
9f019084 T athrs26_sleep_off
9f0190d8 T athrs26_powersave_off
9f01912c T s26_rd_phy
9f0191c4 T athrs26_phy_is_up
9f019314 T athrs26_phy_is_link_alive
9f01936c T athrs26_phy_speed
9f0194cc T athrs26_phy_is_fdx
9f0195e8 T athrs26_phy_setup
9f019824 T athrs26_reg_init_lan
9f019a6c T athrs26_mdc_check
9f019b90 r baudrate_table
9f019bc0 r crc16_tab
9f019dc0 R version_string
9f019e70 r crc_table
9f01a2f0 r __func__.0
9f01a304 r __func__.1
9f01cf00 D linuxFlash
9f01cf1c D load_addr
9f01cf20 D dp_last_length
9f01cf30 d mmap_threshold
9f01cf34 d trim_threshold
9f01cf38 d sbrk_base
9f01cf40 D default_environment
9f01d080 d tab_seq
9f01d08c d erase_seq
9f01d090 D NetOurNativeVLAN
9f01d092 D NetOurVLAN
9f01d094 D NetBcastAddr
9f01d0a0 d month_days
9f01d0d0 d inflate_mask
9f01d114 d border
9f01d160 d cpdext
9f01d1d8 d cpdist
9f01d250 d cplext
9f01d2cc d cplens
9f01d348 d fixed_left
9f01d350 D _ctype
9f01d450 D tap_pattern
9f01d458 D tap_settings
9f01d470 d athrPhyInfo
9f01d500 D stdio_names
9f01d50c d av_
9f01d914 D env_get_char
9f01d918 d failed
9f01d91c D z_errmsg
9f01d93c D zlib_version
9f01d940 D init_sequence
9f01d964 A __got_start
9f01d970 A _gp
9f01d970 D _GLOBAL_OFFSET_TABLE_
9f01de6c A __got_end
9f01de6c A __u_boot_cmd_start
9f01de6c D __u_boot_cmd_reset
9f01de84 D __u_boot_cmd_go
9f01de9c D __u_boot_cmd_bootm
9f01deb4 D __u_boot_cmd_protect
9f01decc D __u_boot_cmd_erase
9f01dee4 D __u_boot_cmd_flinfo
9f01defc D __u_boot_cmd_loady
9f01df14 D __u_boot_cmd_loadb
9f01df2c D __u_boot_cmd_mtest
9f01df44 D __u_boot_cmd_loop
9f01df5c D __u_boot_cmd_base
9f01df74 D __u_boot_cmd_crc32
9f01df8c D __u_boot_cmd_cmp
9f01dfa4 D __u_boot_cmd_cp
9f01dfbc D __u_boot_cmd_mw
9f01dfd4 D __u_boot_cmd_nm
9f01dfec D __u_boot_cmd_mm
9f01e004 D __u_boot_cmd_md
9f01e01c D __u_boot_cmd_rarpboot
9f01e034 D __u_boot_cmd_tftpboot
9f01e04c D __u_boot_cmd_bootp
9f01e064 D __u_boot_cmd_setenv
9f01e07c D __u_boot_cmd_printenv
9f01e094 D __u_boot_cmd_question_mark
9f01e0ac D __u_boot_cmd_help
9f01e0c4 D __u_boot_cmd_version
9f01e0dc A __u_boot_cmd_end
9f01e0dc A uboot_end_data
9f01e0e0 b a_b
9f01e0f8 b os_data_state
9f01e0fc b os_data_state_saved
9f01e100 b os_data_count_saved
9f01e104 b os_data_addr
9f01e108 b os_data_addr_saved
9f01e10c b bin_start_address
9f01e110 b k_data_escape
9f01e114 b k_data_escape_saved
9f01e120 b base_address
9f01e130 b ctrlc_was_pressed
9f01e134 b ctrlc_disabled
9f01e140 B stdio_devices
9f01e14c B devlist
9f01e150 b n_mmaps_max
9f01e154 b top_pad
9f01e158 b current_mallinfo
9f01e180 b max_total_mem
9f01e184 b mmapped_mem
9f01e188 b max_sbrked_mem
9f01e190 B env_ptr
9f01e1a0 b xyz
9f01e5e0 b lastcommand.0
9f01e6e0 b mem_malloc_start
9f01e6e4 b mem_malloc_end
9f01e6e8 b mem_malloc_brk
9f01e6f0 b linux_argc
9f01e6f4 b linux_argv
9f01e6f8 b linux_env
9f01e6fc b linux_env_p
9f01e700 b linux_env_idx
9f01e710 B NetTxPacket
9f01e714 B NetRestartWrap
9f01e718 B NetEtherNullAddr
9f01e720 B NetServerEther
9f01e726 B NetBootFileSize
9f01e728 B NetOurRootPath
9f01e768 B NetOurHostName
9f01e788 B NetOurNISDomain
9f01e7a8 B NetOurDNSIP
9f01e7ac B NetOurGatewayIP
9f01e7b0 B NetOurSubnetMask
9f01e7b4 b NetDevExists
9f01e7b8 b NetRestarted
9f01e7bc b packetHandler
9f01e7c0 b timeHandler
9f01e7c4 b timeStart
9f01e7c8 b timeDelta
9f01e7d0 b TftpServerPort
9f01e7d4 b TftpOurPort
9f01e7d8 b TftpTimeoutCount
9f01e7dc b TftpBlock
9f01e7e0 b TftpLastBlock
9f01e7e4 b TftpBlockWrap
9f01e7e8 b TftpBlockWrapOffset
9f01e7ec b TftpState
9f01e7f0 b default_filename
9f01e800 b tftp_filename
9f01e810 b first_failed.0
9f01e814 b eth_devices
9f01e818 b eth_current
9f01e820 b hose_head
9f01e824 b ids.0
9f01e840 b fixed_built
9f01e844 b fixed_lock
9f01e848 b fixed_mem
9f01f8d8 b fixed_bl
9f01f8dc b fixed_bd
9f01f8e0 b fixed_tl
9f01f8e4 b fixed_td
9f01f8f0 b hose
9f01f9d0 b athr26_init_flag1
9f01f9d1 b athr26_init_flag
9f01f9e0 B header
9f01fa20 B os_data_header
9f01fa40 B send_parms
9f01fa54 B console_buffer
9f01fb54 B flash_info
9f01fca0 B NetRxPackets
9f01fce0 B BootFile
9f01fd60 B NetArpWaitPacketBuf
9f020380 B PktBuf
9f0269a0 A uboot_end
9f0269a0 C his_pad_char
9f0269a4 C os_data_count
9f0269a8 C os_data_init
9f0269ac C send_ptr
9f0269b0 C os_data_char
9f0269b4 C his_eol
9f0269b5 C his_quote
9f0269b8 C his_pad_count
9f0269bc C dp_last_size
9f0269c0 C dp_last_addr
9f0269c4 C mm_last_size
9f0269c8 C mm_last_addr
9f0269cc C monitor_flash_len
9f0269d0 C NetArpWaitTry
9f0269d4 C NetArpWaitPacketMAC
9f0269d8 C NetOurEther
9f0269e0 C NetOurIP
9f0269e4 C NetServerIP
9f0269e8 C NetArpWaitTxPacketSize
9f0269ec C NetArpWaitReplyIP
9f0269f0 C NetArpWaitTxPacket
9f0269f4 C NetArpWaitPacketIP
9f0269f8 C NetState
9f0269fc C NetIPID
9f026a00 C NetRxPkt
9f026a04 C NetRxPktLen
9f026a08 C NetBootFileXferSize
9f026a0c C NetArpWaitTimerStart
9f026a10 C BootpTry
9f026a14 C BootpID
9f026a18 C RarpTry
9f026a1c C ___strtok
9f026a20 C ag7240_macs
